============================================================
Phase 3 Priority 2: 低TI域拡張パイプライン
  新TI点: [0.02, 0.04, 0.06]
  V点数: [4, 6, 8, 10, 12, 14, 16, 18]
  シード数: 6
  新ケース数: 8 × 3 × 6 = 144
============================================================

=== Step 1: TurbSim 入力ファイル生成 ===
  生成: 144 ファイル → wind_loti/

=== Step 2: TurbSim 並列実行 ===
  144 入力中、104 件を実行（スキップ: 40）
  V08_TI002_S06: OK (570s)
  V08_TI004_S01: OK (0s)
  V08_TI004_S02: OK (0s)
  V08_TI002_S05: OK (570s)
  V08_TI004_S03: OK (446s)
  V08_TI004_S05: OK (0s)
  V08_TI004_S06: OK (0s)
  V08_TI004_S04: OK (446s)
  V08_TI006_S01: OK (326s)
  V08_TI006_S02: OK (326s)
  V08_TI006_S03: OK (241s)
  V08_TI006_S04: OK (241s)
  V08_TI006_S05: OK (253s)
  V08_TI006_S06: OK (253s)
  V10_TI002_S01: OK (273s)
  V10_TI002_S02: OK (274s)
  V10_TI002_S03: OK (236s)
  V10_TI002_S04: OK (234s)
  V10_TI002_S05: OK (246s)
  V10_TI002_S06: OK (247s)
  V10_TI004_S01: OK (237s)
  V10_TI004_S02: OK (237s)
  V10_TI004_S03: OK (238s)
  V10_TI004_S04: OK (238s)
  V10_TI004_S05: OK (262s)
  V10_TI004_S06: OK (262s)
  V10_TI006_S01: OK (241s)
  V10_TI006_S02: OK (241s)
  V10_TI006_S03: OK (260s)
  V10_TI006_S04: OK (259s)
  V10_TI006_S06: OK (270s)
  V10_TI006_S05: OK (271s)
  V12_TI002_S01: OK (262s)
  V12_TI002_S02: OK (262s)
  V12_TI002_S03: OK (257s)
  V12_TI002_S04: OK (257s)
  V12_TI002_S05: OK (246s)
  V12_TI002_S06: OK (247s)
  V12_TI004_S01: OK (259s)
  V12_TI004_S02: OK (260s)
  V12_TI004_S03: OK (246s)
  V12_TI004_S04: OK (247s)
  V12_TI004_S05: OK (268s)
  V12_TI004_S06: OK (269s)
  V12_TI006_S01: OK (265s)
  V12_TI006_S02: OK (263s)
  V12_TI006_S03: OK (246s)
  V12_TI006_S04: OK (244s)
  V12_TI006_S05: OK (241s)
  V12_TI006_S06: OK (241s)
  V14_TI002_S01: OK (237s)
  V14_TI002_S02: OK (237s)
  V14_TI002_S03: OK (256s)
  V14_TI002_S04: OK (258s)
  V14_TI002_S05: OK (266s)
  V14_TI002_S06: OK (266s)
  V14_TI004_S01: OK (263s)
  V14_TI004_S02: OK (262s)
  V14_TI004_S03: OK (254s)
  V14_TI004_S04: OK (254s)
  V14_TI004_S05: OK (270s)
  V14_TI004_S06: OK (271s)
  V14_TI006_S01: OK (264s)
  V14_TI006_S02: OK (264s)
  V14_TI006_S03: OK (253s)
  V14_TI006_S04: OK (254s)
  V14_TI006_S05: OK (248s)
  V14_TI006_S06: OK (247s)
  V16_TI002_S01: OK (256s)
  V16_TI002_S02: OK (256s)
  V16_TI002_S03: OK (245s)
  V16_TI002_S04: OK (246s)
  V16_TI002_S05: OK (252s)
  V16_TI002_S06: OK (251s)
  V16_TI004_S01: OK (275s)
  V16_TI004_S02: OK (275s)
  V16_TI004_S03: OK (263s)
  V16_TI004_S04: OK (263s)
  V16_TI004_S05: OK (247s)
  V16_TI004_S06: OK (249s)
  V16_TI006_S01: OK (272s)
  V16_TI006_S02: OK (272s)
  V16_TI006_S03: OK (261s)
  V16_TI006_S04: OK (261s)
  V16_TI006_S05: OK (251s)
  V16_TI006_S06: OK (249s)
  V18_TI002_S01: OK (251s)
  V18_TI002_S02: OK (250s)
  V18_TI002_S03: OK (257s)
  V18_TI002_S04: OK (257s)
  V18_TI002_S05: OK (274s)
  V18_TI002_S06: OK (274s)
  V18_TI004_S01: OK (254s)
  V18_TI004_S02: OK (255s)
  V18_TI004_S03: OK (255s)
  V18_TI004_S04: OK (255s)
  V18_TI004_S05: OK (254s)
  V18_TI004_S06: OK (254s)
  V18_TI006_S01: OK (275s)
  V18_TI006_S02: OK (278s)
  V18_TI006_S03: OK (275s)
  V18_TI006_S04: OK (276s)
  V18_TI006_S05: OK (290s)
  V18_TI006_S06: OK (288s)
  完了: 104/104 OK  (経過: 13410s)

=== Step 3: OpenFAST 入力ファイル生成 ===
  準備完了: 144 ケースディレクトリ → cases_loti/

=== Step 4: OpenFAST 並列実行 ===
  144 ケース中、144 件を実行（スキップ: 0）
  推定所要時間: 54〜72 分（4並列）
  V04_TI002_S02: OK (90s)
  V04_TI002_S01: OK (90s)
  V04_TI002_S04: OK (89s)
  V04_TI002_S03: OK (89s)
  V04_TI002_S05: OK (91s)
  V04_TI002_S06: OK (91s)
  V04_TI004_S01: OK (95s)
  V04_TI004_S02: OK (95s)
  V04_TI004_S03: OK (91s)
  V04_TI004_S04: OK (91s)
  V04_TI004_S05: OK (91s)
  V04_TI004_S06: OK (91s)
  V04_TI006_S01: OK (106s)
  V04_TI006_S02: OK (106s)
  V04_TI006_S03: OK (113s)
  V04_TI006_S04: OK (113s)
  V04_TI006_S05: OK (109s)
  V04_TI006_S06: OK (109s)
  V06_TI002_S01: OK (105s)
  V06_TI002_S02: OK (105s)
  V06_TI002_S03: OK (130s)
  V06_TI002_S04: OK (130s)
  V06_TI002_S05: OK (117s)
  V06_TI002_S06: OK (118s)
  V06_TI004_S01: OK (89s)
  V06_TI004_S02: OK (89s)
  V06_TI004_S04: OK (85s)
  V06_TI004_S03: OK (86s)
  V06_TI004_S05: OK (86s)
  V06_TI004_S06: OK (86s)
  V06_TI006_S01: OK (87s)
  V06_TI006_S02: OK (87s)
  V06_TI006_S03: OK (86s)
  V06_TI006_S04: OK (86s)
  V06_TI006_S05: OK (85s)
  V06_TI006_S06: OK (85s)
  V08_TI002_S01: OK (86s)
  V08_TI002_S02: OK (85s)
  V08_TI002_S03: OK (93s)
  V08_TI002_S04: OK (93s)
  V08_TI002_S05: OK (103s)
  V08_TI002_S06: OK (104s)
  V08_TI004_S01: OK (104s)
  V08_TI004_S02: OK (104s)
  V08_TI004_S03: OK (113s)
  V08_TI004_S04: OK (113s)
  V08_TI004_S05: OK (96s)
  V08_TI004_S06: OK (96s)
  V08_TI006_S01: OK (101s)
  V08_TI006_S02: OK (101s)
  V08_TI006_S03: OK (85s)
  V08_TI006_S04: OK (84s)
  V08_TI006_S05: OK (82s)
  V08_TI006_S06: OK (82s)
  V10_TI002_S01: OK (81s)
  V10_TI002_S02: OK (82s)
  V10_TI002_S03: OK (82s)
  V10_TI002_S04: OK (81s)
  V10_TI002_S05: OK (82s)
  V10_TI002_S06: OK (82s)
  V10_TI004_S01: OK (83s)
  V10_TI004_S02: OK (82s)
  V10_TI004_S03: OK (82s)
  V10_TI004_S04: OK (82s)
  V10_TI004_S05: OK (82s)
  V10_TI004_S06: OK (82s)
  V10_TI006_S01: OK (82s)
  V10_TI006_S02: OK (83s)
  V10_TI006_S03: OK (82s)
  V10_TI006_S04: OK (82s)
  V10_TI006_S05: OK (82s)
  V10_TI006_S06: OK (82s)
  V12_TI002_S01: OK (83s)
  V12_TI002_S02: OK (82s)
  V12_TI002_S03: OK (86s)
  V12_TI002_S04: OK (86s)
  V12_TI002_S05: OK (94s)
  V12_TI002_S06: OK (94s)
  V12_TI004_S01: OK (95s)
  V12_TI004_S02: OK (95s)
  V12_TI004_S03: OK (82s)
  V12_TI004_S04: OK (82s)
  V12_TI004_S05: OK (82s)
  V12_TI004_S06: OK (82s)
  V12_TI006_S01: OK (82s)
  V12_TI006_S02: OK (82s)
  V12_TI006_S03: OK (88s)
  V12_TI006_S04: OK (88s)
  V12_TI006_S05: OK (83s)
  V12_TI006_S06: OK (83s)
  V14_TI002_S01: OK (81s)
  V14_TI002_S02: OK (82s)
  V14_TI002_S03: OK (81s)
  V14_TI002_S04: OK (81s)
  V14_TI002_S05: OK (83s)
  V14_TI002_S06: OK (82s)
  V14_TI004_S01: OK (82s)
  V14_TI004_S02: OK (82s)
  V14_TI004_S03: OK (89s)
  V14_TI004_S04: OK (89s)
  V14_TI004_S05: OK (82s)
  V14_TI004_S06: OK (82s)
  V14_TI006_S01: OK (87s)
  V14_TI006_S02: OK (87s)
  V14_TI006_S04: OK (87s)
  V14_TI006_S03: OK (88s)
  V14_TI006_S05: OK (87s)
  V14_TI006_S06: OK (87s)
  V16_TI002_S01: OK (86s)
  V16_TI002_S02: OK (86s)
  V16_TI002_S03: OK (86s)
  V16_TI002_S04: OK (86s)
  V16_TI002_S05: OK (87s)
  V16_TI002_S06: OK (87s)
  V16_TI004_S01: OK (89s)
  V16_TI004_S02: OK (89s)
  V16_TI004_S03: OK (86s)
  V16_TI004_S04: OK (86s)
  V16_TI004_S06: OK (86s)
  V16_TI004_S05: OK (86s)
  V16_TI006_S02: OK (91s)
  V16_TI006_S01: OK (92s)
  V16_TI006_S03: OK (94s)
  V16_TI006_S04: OK (94s)
  V16_TI006_S05: OK (92s)
  V16_TI006_S06: OK (91s)
  V18_TI002_S02: OK (86s)
  V18_TI002_S01: OK (87s)
  V18_TI002_S03: OK (82s)
  V18_TI002_S04: OK (82s)
  V18_TI002_S05: OK (86s)
  V18_TI002_S06: OK (86s)
  V18_TI004_S01: OK (87s)
  V18_TI004_S02: OK (87s)
  V18_TI004_S03: OK (87s)
  V18_TI004_S04: OK (87s)
  V18_TI004_S06: OK (82s)
  V18_TI004_S05: OK (83s)
  V18_TI006_S01: OK (86s)
  V18_TI006_S02: OK (86s)
  V18_TI006_S04: OK (86s)
  V18_TI006_S03: OK (86s)
  V18_TI006_S05: OK (112s)
  V18_TI006_S06: OK (112s)
  完了: 144/144 OK  (経過: 6473s)

=== Step 5: DEL抽出 + 行列統合 ===

  新規DEL結果: 24 条件
 V   TI    DEL_mean   DEL_cv  n_seeds
 4 0.02  567.309911 0.311169        6
 4 0.04  675.332777 0.440838        6
 4 0.06  870.241723 0.418282        6
 6 0.02  779.370723 0.050902        6
 6 0.04 1095.502114 0.099673        6
 6 0.06 1447.050541 0.130655        6
 8 0.02 1579.998588 0.042846        6
 8 0.04 2115.583659 0.098178        6
 8 0.06 2696.213470 0.119193        6
10 0.02 2444.687836 0.030311        6
10 0.04 3077.288586 0.054455        6
10 0.06 3780.014284 0.077311        6
12 0.02 3511.331802 0.034973        6
12 0.04 4350.225047 0.041289        6
12 0.06 5166.816396 0.074911        6
14 0.02 4297.001280 0.009670        6
14 0.04 5185.745584 0.027985        6
14 0.06 6260.811943 0.022733        6
16 0.02 5165.281161 0.006006        6
16 0.04 5910.062424 0.014282        6
16 0.06 6868.674362 0.020691        6
18 0.02 6053.273339 0.006004        6
18 0.04 6729.719947 0.012063        6
18 0.06 7582.692294 0.017375        6

  保存: results/del_matrix_ms_extended.csv
  行列サイズ: 64 条件（TI範囲: 0.02〜0.20）

  拡張DEL行列（新規TI点のみ）:
     V      TI    DEL_mean       CV    n
  ----------------------------------------
     4   0.020       567.3    31.1%    6
     4   0.040       675.3    44.1%    6
     4   0.060       870.2    41.8%    6
     6   0.020       779.4     5.1%    6
     6   0.040      1095.5    10.0%    6
     6   0.060      1447.1    13.1%    6
     8   0.020      1580.0     4.3%    6
     8   0.040      2115.6     9.8%    6
     8   0.060      2696.2    11.9%    6
    10   0.020      2444.7     3.0%    6
    10   0.040      3077.3     5.4%    6
    10   0.060      3780.0     7.7%    6
    12   0.020      3511.3     3.5%    6
    12   0.040      4350.2     4.1%    6
    12   0.060      5166.8     7.5%    6
    14   0.020      4297.0     1.0%    6
    14   0.040      5185.7     2.8%    6
    14   0.060      6260.8     2.3%    6
    16   0.020      5165.3     0.6%    6
    16   0.040      5910.1     1.4%    6
    16   0.060      6868.7     2.1%    6
    18   0.020      6053.3     0.6%    6
    18   0.040      6729.7     1.2%    6
    18   0.060      7582.7     1.7%    6

============================================================
低TI域拡張パイプライン 完了  (総経過時間: 331.8 分)
============================================================

次のステップ:
  phase3b_del_lookup.py の interpolator を
  del_matrix_ms_extended.csv に切り替えてください。
